// Jest Snapshot v1, https://goo.gl/fbAQLP

exports[`should be notFoundPage page 1`] = `
<div>
  404 
  <Link
    to="/home"
  >
    GO HOME
  </Link>
</div>
`;
